\BOOKMARK [1][-]{section.1}{\376\377\116\300\116\110\146\057\000\040\000a\000s\000t\000r\000o\000-\000o\000n\000e}{}% 1
\BOOKMARK [2][-]{subsection.1.1}{\376\377\150\070\137\303\133\232\117\115}{section.1}% 2
\BOOKMARK [2][-]{subsection.1.2}{\376\377\142\200\147\057\150\010}{section.1}% 3
\BOOKMARK [1][-]{section.2}{\376\377\230\171\166\356\147\266\147\204}{}% 4
\BOOKMARK [2][-]{subsection.2.1}{\376\377\145\164\117\123\145\160\143\156\155\101}{section.2}% 5
\BOOKMARK [2][-]{subsection.2.2}{\376\377\152\041\127\127\176\323\147\204}{section.2}% 6
\BOOKMARK [1][-]{section.3}{\376\377\162\110\147\054\162\171\140\047\377\010\000V\0000\000.\0002\000.\0000\377\011}{}% 7
\BOOKMARK [1][-]{section.4}{\376\377\163\257\130\203\211\201\154\102}{}% 8
\BOOKMARK [1][-]{section.5}{\376\377\133\211\210\305\145\271\137\017}{}% 9
\BOOKMARK [2][-]{subsection.5.1}{\376\377\000P\000y\000P\000I\000\040\133\211\210\305\377\010\143\250\203\120\377\011}{section.5}% 10
\BOOKMARK [2][-]{subsection.5.2}{\376\377\156\220\170\001\133\211\210\305}{section.5}% 11
\BOOKMARK [2][-]{subsection.5.3}{\376\377\000D\000o\000c\000k\000e\000r\000\040\133\211\210\305}{section.5}% 12
\BOOKMARK [1][-]{section.6}{\376\377\122\035\131\313\123\026\221\115\177\156}{}% 13
\BOOKMARK [2][-]{subsection.6.1}{\376\377\221\115\177\156\145\207\116\366\117\115\177\156}{section.6}% 14
\BOOKMARK [1][-]{section.7}{\376\377\0005\000\040\122\006\224\237\116\012\142\113}{}% 15
\BOOKMARK [2][-]{subsection.7.1}{\376\377\153\145\232\244\000\040\0001\377\032\122\035\131\313\123\026}{section.7}% 16
\BOOKMARK [2][-]{subsection.7.2}{\376\377\153\145\232\244\000\040\0002\377\032\221\115\177\156\000\040\000L\000L\000M\000\040\000P\000r\000o\000v\000i\000d\000e\000r}{section.7}% 17
\BOOKMARK [2][-]{subsection.7.3}{\376\377\153\145\232\244\000\040\0003\377\032\217\320\210\114\000\040\000A\000g\000e\000n\000t}{section.7}% 18
\BOOKMARK [2][-]{subsection.7.4}{\376\377\153\145\232\244\000\040\0004\377\032\124\057\122\250\000\040\000G\000a\000t\000e\000w\000a\000y}{section.7}% 19
\BOOKMARK [1][-]{section.8}{\376\377\147\054\127\060\152\041\127\213\213\276\177\156\377\010\000O\000l\000l\000a\000m\000a\377\011}{}% 20
\BOOKMARK [1][-]{section.9}{\376\377\000P\000y\000t\000h\000o\000n\000\040\000A\000P\000I\000\040\117\177\165\050}{}% 21
\BOOKMARK [1][-]{section.10}{\376\377\121\150\134\100\220\011\230\171}{}% 22
\BOOKMARK [1][-]{section.11}{\376\377\000o\000n\000b\000o\000a\000r\000d\000\040\040\024\000\040\122\035\131\313\123\026\124\021\133\374}{}% 23
\BOOKMARK [1][-]{section.12}{\376\377\000a\000g\000e\000n\000t\000\040\040\024\000\040\000A\000g\000e\000n\000t\000\040\133\371\213\335}{}% 24
\BOOKMARK [2][-]{subsection.12.1}{\376\377\116\244\116\222\152\041\137\017\137\353\143\167\225\056}{section.12}% 25
\BOOKMARK [1][-]{section.13}{\376\377\000g\000a\000t\000e\000w\000a\000y\000\040\040\024\000\040\124\057\122\250\177\121\121\163}{}% 26
\BOOKMARK [1][-]{section.14}{\376\377\000s\000t\000a\000t\000u\000s\000\040\040\024\000\040\162\266\140\001\147\345\167\013}{}% 27
\BOOKMARK [1][-]{section.15}{\376\377\000c\000h\000a\000n\000n\000e\000l\000s\000\040\000l\000o\000g\000i\000n\000\040\040\024\000\040\156\040\220\123\166\173\137\125}{}% 28
\BOOKMARK [1][-]{section.16}{\376\377\000p\000r\000o\000v\000i\000d\000e\000r\000\040\000l\000o\000g\000i\000n\000\040\040\024\000\040\000P\000r\000o\000v\000i\000d\000e\000r\000\040\166\173\137\125}{}% 29
\BOOKMARK [1][-]{section.17}{\376\377\221\115\177\156\145\207\116\366\176\323\147\204}{}% 30
\BOOKMARK [1][-]{section.18}{\376\377\000a\000g\000e\000n\000t\000s\000.\000d\000e\000f\000a\000u\000l\000t\000s\000\040\040\024\000\040\000A\000g\000e\000n\000t\000\040\236\330\213\244\221\115\177\156}{}% 31
\BOOKMARK [1][-]{section.19}{\376\377\000p\000r\000o\000v\000i\000d\000e\000r\000s\000\040\040\024\000\040\000L\000L\000M\000\040\143\320\117\233\125\106\221\115\177\156}{}% 32
\BOOKMARK [1][-]{section.20}{\376\377\000m\000o\000d\000e\000l\000P\000r\000e\000s\000e\000t\000s\000\040\040\024\000\040\152\041\127\213\230\204\213\276}{}% 33
\BOOKMARK [1][-]{section.21}{\376\377\000c\000h\000a\000n\000n\000e\000l\000s\000\040\040\024\000\040\156\040\220\123\221\115\177\156}{}% 34
\BOOKMARK [1][-]{section.22}{\376\377\000t\000o\000o\000l\000s\000\040\040\024\000\040\135\345\121\167\221\115\177\156}{}% 35
\BOOKMARK [1][-]{section.23}{\376\377\163\257\130\203\123\330\221\317}{}% 36
\BOOKMARK [1][-]{section.24}{\376\377\000M\000L\000F\000\040\040\024\000\040\217\150\220\123\147\072\122\250\150\300\155\113}{}% 37
\BOOKMARK [2][-]{subsection.24.1}{\376\377\122\237\200\375\151\202\217\360}{section.24}% 38
\BOOKMARK [2][-]{subsection.24.2}{\376\377\000A\000g\000e\000n\000t\000\040\135\345\121\167\124\015}{section.24}% 39
\BOOKMARK [2][-]{subsection.24.3}{\376\377\217\223\121\145\145\160\143\156\150\074\137\017}{section.24}% 40
\BOOKMARK [2][-]{subsection.24.4}{\376\377\217\223\121\372\150\074\137\017}{section.24}% 41
\BOOKMARK [2][-]{subsection.24.5}{\376\377\117\177\165\050\171\072\117\213}{section.24}% 42
\BOOKMARK [2][-]{subsection.24.6}{\376\377\121\233\116\213\122\006\147\220\217\223\121\372}{section.24}% 43
\BOOKMARK [1][-]{section.25}{\376\377\000I\000O\000D\000\040\040\024\000\040\217\150\220\123\122\035\133\232}{}% 44
\BOOKMARK [2][-]{subsection.25.1}{\376\377\122\237\200\375\151\202\217\360}{section.25}% 45
\BOOKMARK [2][-]{subsection.25.2}{\376\377\000A\000g\000e\000n\000t\000\040\135\345\121\167\124\015}{section.25}% 46
\BOOKMARK [2][-]{subsection.25.3}{\376\377\217\223\121\145\145\160\143\156\150\074\137\017}{section.25}% 47
\BOOKMARK [2][-]{subsection.25.4}{\376\377\217\223\121\372\150\074\137\017}{section.25}% 48
\BOOKMARK [2][-]{subsection.25.5}{\376\377\121\233\116\213\122\006\147\220\217\223\121\372}{section.25}% 49
\BOOKMARK [1][-]{section.26}{\376\377\000O\000r\000b\000i\000n\000\040\040\024\000\040\217\150\220\123\150\071\145\160\230\204\155\113}{}% 50
\BOOKMARK [2][-]{subsection.26.1}{\376\377\122\237\200\375\151\202\217\360}{section.26}% 51
\BOOKMARK [2][-]{subsection.26.2}{\376\377\000A\000g\000e\000n\000t\000\040\135\345\121\167\124\015}{section.26}% 52
\BOOKMARK [2][-]{subsection.26.3}{\376\377\217\223\121\145\145\160\143\156\150\074\137\017}{section.26}% 53
\BOOKMARK [2][-]{subsection.26.4}{\376\377\217\223\121\372\150\074\137\017}{section.26}% 54
\BOOKMARK [2][-]{subsection.26.5}{\376\377\121\233\116\213\122\006\147\220\217\223\121\372}{section.26}% 55
\BOOKMARK [1][-]{section.27}{\376\377\202\052\131\051\135\345\121\167\200\124\124\010\117\177\165\050}{}% 56
\BOOKMARK [1][-]{section.28}{\376\377\156\040\220\123\151\202\217\360}{}% 57
\BOOKMARK [1][-]{section.29}{\376\377\230\336\116\146\156\040\220\123\221\115\177\156\213\346\211\343}{}% 58
\BOOKMARK [2][-]{subsection.29.1}{\376\377\230\336\116\146\162\171\147\011\122\237\200\375}{section.29}% 59
\BOOKMARK [1][-]{section.30}{\376\377\156\040\220\123\137\000\123\321}{}% 60
\BOOKMARK [1][-]{section.31}{\376\377\143\320\117\233\125\106\123\071\221\115\147\072\122\066}{}% 61
\BOOKMARK [1][-]{section.32}{\376\377\136\070\165\050\143\320\117\233\125\106\221\115\177\156\171\072\117\213}{}% 62
\BOOKMARK [2][-]{subsection.32.1}{\376\377\000O\000p\000e\000n\000A\000I}{section.32}% 63
\BOOKMARK [2][-]{subsection.32.2}{\376\377\000A\000n\000t\000h\000r\000o\000p\000i\000c\000\040\000C\000l\000a\000u\000d\000e}{section.32}% 64
\BOOKMARK [2][-]{subsection.32.3}{\376\377\147\054\127\060\000\040\000O\000l\000l\000a\000m\000a}{section.32}% 65
\BOOKMARK [2][-]{subsection.32.4}{\376\377\000A\000W\000S\000\040\000B\000e\000d\000r\000o\000c\000k}{section.32}% 66
\BOOKMARK [2][-]{subsection.32.5}{\376\377\000D\000e\000e\000p\000S\000e\000e\000k}{section.32}% 67
\BOOKMARK [1][-]{section.33}{\376\377\131\007\220\011\152\041\127\213\377\010\000F\000a\000l\000l\000b\000a\000c\000k\377\011}{}% 68
\BOOKMARK [1][-]{section.34}{\376\377\162\266\140\001\147\072\131\004\164\006\155\101\172\013}{}% 69
\BOOKMARK [1][-]{section.35}{\376\377\116\012\116\013\145\207\147\204\136\372}{}% 70
\BOOKMARK [1][-]{section.36}{\376\377\213\260\137\306\174\373\176\337}{}% 71
\BOOKMARK [2][-]{subsection.36.1}{\376\377\000D\000r\000e\000a\000m\000\040\213\260\137\306\131\004\164\006\126\150}{section.36}% 72
\BOOKMARK [1][-]{section.37}{\376\377\133\120\000A\000g\000e\000n\000t\377\010\000S\000u\000b\000A\000g\000e\000n\000t\377\011}{}% 73
\BOOKMARK [1][-]{section.38}{\376\377\117\032\213\335\173\241\164\006}{}% 74
\BOOKMARK [1][-]{section.39}{\376\377\121\205\177\156\135\345\121\167\122\027\210\150}{}% 75
\BOOKMARK [1][-]{section.40}{\376\377\000S\000h\000e\000l\000l\000\040\135\345\121\167\213\346\211\343}{}% 76
\BOOKMARK [1][-]{section.41}{\376\377\000M\000C\000P\000\040\123\117\213\256\145\057\143\001}{}% 77
\BOOKMARK [1][-]{section.42}{\376\377\135\345\121\167\142\151\134\125}{}% 78
\BOOKMARK [1][-]{section.43}{\376\377\000S\000S\000R\000F\000\040\226\062\142\244}{}% 79
\BOOKMARK [1][-]{section.44}{\376\377\000W\000o\000r\000k\000s\000p\000a\000c\000e\000\040\226\224\171\273}{}% 80
\BOOKMARK [1][-]{section.45}{\376\377\124\175\116\344\154\350\121\145\226\062\142\244}{}% 81
\BOOKMARK [1][-]{section.46}{\376\377\213\277\225\356\143\247\122\066}{}% 82
\BOOKMARK [1][-]{section.47}{\376\377\137\353\220\037\220\350\177\162}{}% 83
\BOOKMARK [1][-]{section.48}{\376\377\000d\000o\000c\000k\000e\000r\000-\000c\000o\000m\000p\000o\000s\000e\000.\000y\000m\000l\000\040\176\323\147\204}{}% 84
\BOOKMARK [1][-]{section.49}{\376\377\131\032\133\236\117\213\220\350\177\162}{}% 85
\BOOKMARK [1][-]{section.50}{\376\377\142\200\200\375\151\202\217\360}{}% 86
\BOOKMARK [1][-]{section.51}{\376\377\142\200\200\375\166\356\137\125\176\323\147\204}{}% 87
\BOOKMARK [1][-]{section.52}{\376\377\000S\000K\000I\000L\000L\000.\000m\000d\000\040\150\074\137\017}{}% 88
\BOOKMARK [1][-]{section.53}{\376\377\121\205\177\156\142\200\200\375}{}% 89
\BOOKMARK [1][-]{section.54}{\376\377\000O\000p\000e\000n\000A\000I\000\040\121\174\133\271\000\040\000A\000P\000I}{}% 90
\BOOKMARK [2][-]{subsection.54.1}{\376\377\221\115\177\156}{section.54}% 91
\BOOKMARK [2][-]{subsection.54.2}{\376\377\172\357\160\271}{section.54}% 92
\BOOKMARK [2][-]{subsection.54.3}{\376\377\214\003\165\050\171\072\117\213}{section.54}% 93
\BOOKMARK [1][-]{section.55}{\376\377\000A\000e\000r\000o\000B\000e\000n\000c\000h\000\040\040\024\000\040\202\052\131\051\127\202\166\364\230\206\127\337\127\372\121\306\155\113\213\304}{}% 94
\BOOKMARK [2][-]{subsection.55.1}{\376\377\217\320\210\114\145\271\137\017}{section.55}% 95
\BOOKMARK [2][-]{subsection.55.2}{\376\377\155\113\213\304\116\373\122\241}{section.55}% 96
\BOOKMARK [1][-]{section.56}{\376\377\133\211\210\305\225\356\230\230}{}% 97
\BOOKMARK [1][-]{section.57}{\376\377\221\115\177\156\225\356\230\230}{}% 98
\BOOKMARK [1][-]{section.58}{\376\377\217\320\210\114\145\366\225\356\230\230}{}% 99
\BOOKMARK [1][-]{section.59}{\376\377\156\040\220\123\225\356\230\230}{}% 100
\BOOKMARK [1][-]{section.60}{\376\377\202\052\131\051\135\345\121\167\225\356\230\230}{}% 101
\BOOKMARK [1][-]{appendix.A}{\376\377\165\037\116\247\163\257\130\203\221\115\177\156\123\302\200\003}{}% 102
